============================= test session starts =============================
platform win32 -- Python 3.12.10, pytest-9.0.2, pluggy-1.6.0
rootdir: C:\Users\polak\research\competitive
plugins: anyio-4.12.1
collected 42 items

tests\test_suitability.py ......F...............F...................     [100%]

================================== FAILURES ===================================
_____________________ TestUSP.test_usp_scoring_thresholds _____________________

self = <tests.test_suitability.TestUSP object at 0x0000029DBA18DAC0>

    def test_usp_scoring_thresholds(self):
        """Verify thresholds: 80-100% -> 90, 60-79% -> 78, 30-59% -> 55, 0-29% -> 20."""
        from modules import USP
>       assert USP._lookup_pillar_score(100)[0] == 90
               ^^^^^^^^^^^^^^^^^^^^^^^^^^^^^
E       TypeError: _lookup_pillar_score() missing 1 required positional argument: 'confidence'

tests\test_suitability.py:161: TypeError
__________________ TestPricing.test_pricing_clarity_unclear ___________________

self = <tests.test_suitability.TestPricing object at 0x0000029DBA18ECF0>

    def test_pricing_clarity_unclear(self):
        """No model_type \u2192 Unclear, score=35."""
        from modules import Pricing
        result = Pricing.score_pricing_pipeline(
            pricing_model_type=None,
            target_customer=None,
            revenue_curr_period=5000.0,
        )
>       assert result["pricing_clarity_label"] == "Unclear"
E       AssertionError: assert 'UnableToCompute' == 'Unclear'
E         
E         - Unclear
E         + UnableToCompute

tests\test_suitability.py:338: AssertionError
=================================== PASSES ====================================
=========================== short test summary info ===========================
PASSED tests/test_suitability.py::TestUSP::test_usp_score_denominator
PASSED tests/test_suitability.py::TestUSP::test_usp_insufficient_data
PASSED tests/test_suitability.py::TestUSP::test_usp_confidence_high
PASSED tests/test_suitability.py::TestUSP::test_usp_confidence_medium
PASSED tests/test_suitability.py::TestUSP::test_usp_score_all_verified
PASSED tests/test_suitability.py::TestUSP::test_usp_fuzzy_dispute_found
PASSED tests/test_suitability.py::TestTech::test_tech_evidence_blocks_at_50
PASSED tests/test_suitability.py::TestTech::test_tech_evidence_blocks_at_75
PASSED tests/test_suitability.py::TestTech::test_tech_evidence_blocks_at_100
PASSED tests/test_suitability.py::TestTech::test_tech_evidence_not_required_below_50
PASSED tests/test_suitability.py::TestTech::test_tech_base_scores_and_labels[0-Neutral-45]
PASSED tests/test_suitability.py::TestTech::test_tech_base_scores_and_labels[25-Neutral-50]
PASSED tests/test_suitability.py::TestTech::test_tech_base_scores_and_labels[50-Positive-70]
PASSED tests/test_suitability.py::TestTech::test_tech_base_scores_and_labels[75-Positive-78]
PASSED tests/test_suitability.py::TestTech::test_tech_base_scores_and_labels[100-Positive-85]
PASSED tests/test_suitability.py::TestTech::test_tech_invalid_build_level
PASSED tests/test_suitability.py::TestTech::test_tech_patent_bonus_granted
PASSED tests/test_suitability.py::TestTech::test_tech_patent_no_penalty_unverified
PASSED tests/test_suitability.py::TestPricing::test_pricing_prerevenue_forced_50
PASSED tests/test_suitability.py::TestPricing::test_pricing_clarity_clear
PASSED tests/test_suitability.py::TestPricing::test_pricing_clarity_somewhat_clear
PASSED tests/test_suitability.py::TestPricing::test_pricing_paying_segment_stored_not_scored
PASSED tests/test_suitability.py::TestGTM::test_gtm_unable_to_compute
PASSED tests/test_suitability.py::TestGTM::test_gtm_partial_data_multiplier
PASSED tests/test_suitability.py::TestGTM::test_gtm_invalid_baseline_web_zero
PASSED tests/test_suitability.py::TestGTM::test_gtm_invalid_baseline_social_zero
PASSED tests/test_suitability.py::TestGTM::test_gtm_needs_human_review_outlier
PASSED tests/test_suitability.py::TestGTM::test_gtm_both_channels_normal
PASSED tests/test_suitability.py::TestCompositeEngine::test_composite_weights_sum_to_one
PASSED tests/test_suitability.py::TestCompositeEngine::test_composite_weight_redistribution
PASSED tests/test_suitability.py::TestCompositeEngine::test_composite_weight_redistribution_two_pillars
PASSED tests/test_suitability.py::TestCompositeEngine::test_composite_suitability_thresholds[76-Strong Signal]
PASSED tests/test_suitability.py::TestCompositeEngine::test_composite_suitability_thresholds[75-Strong Signal]
PASSED tests/test_suitability.py::TestCompositeEngine::test_composite_suitability_thresholds[60-Moderate Signal]
PASSED tests/test_suitability.py::TestCompositeEngine::test_composite_suitability_thresholds[55-Moderate Signal]
PASSED tests/test_suitability.py::TestCompositeEngine::test_composite_suitability_thresholds[40-Weak Signal]
PASSED tests/test_suitability.py::TestCompositeEngine::test_composite_suitability_thresholds[35-Weak Signal]
PASSED tests/test_suitability.py::TestCompositeEngine::test_composite_suitability_thresholds[20-Insufficient Signal]
PASSED tests/test_suitability.py::TestCompositeEngine::test_composite_suitability_thresholds[0-Insufficient Signal]
PASSED tests/test_suitability.py::TestCompositeEngine::test_composite_all_pillars_computed
FAILED tests/test_suitability.py::TestUSP::test_usp_scoring_thresholds - Type...
FAILED tests/test_suitability.py::TestPricing::test_pricing_clarity_unclear
======================== 2 failed, 40 passed in 1.16s =========================
